2026-09-13 16:13:20 - INFO - ==================================================
2026-09-13 16:13:20 - INFO - XJTU运动打卡程序启动
2026-09-13 16:13:20 - INFO - ==================================================
2026-09-13 16:13:20 - INFO - 步骤1: 获取访问令牌
2026-09-13 16:13:21 - INFO - 执行MFA检测
2026-09-13 16:13:21 - INFO - MFA检测成功 - mfaState: 8sIEA8
2026-09-13 16:13:21 - INFO - 需要MFA: False, MFA已启用: True
2026-09-13 16:13:21 - INFO - 已更新mfaState到登录表单
2026-09-13 16:13:23 - INFO - 访问令牌获取成功
2026-09-13 16:13:23 - INFO - 步骤2: 执行签到操作
2026-09-13 16:13:23 - INFO - 开始执行签到操作
2026-09-13 16:13:23 - INFO - 签到请求状态码: 200
2026-09-13 16:13:23 - INFO - 签到操作成功
2026-09-13 16:13:23 - INFO - 签到成功！开始等待31分钟后自动签退...
2026-09-13 16:13:23 - INFO - 等待1860秒（31分钟）后执行签退
2026-09-13 16:24:34 - INFO - ==================================================
2026-09-13 16:24:34 - INFO - XJTU运动打卡程序启动
2026-09-13 16:24:34 - INFO - ==================================================
2026-09-13 16:24:34 - INFO - 步骤1: 获取访问令牌
2026-09-13 16:24:35 - INFO - 执行MFA检测
2026-09-13 16:24:35 - INFO - MFA检测成功 - mfaState: Fyfs38
2026-09-13 16:24:35 - INFO - 需要MFA: False, MFA已启用: True
2026-09-13 16:24:35 - INFO - 已更新mfaState到登录表单
2026-09-13 16:24:36 - INFO - 访问令牌获取成功
2026-09-13 16:24:36 - INFO - 步骤2: 执行签到操作
2026-09-13 16:24:36 - INFO - 开始执行签到操作
2026-09-13 16:24:36 - INFO - 签到请求状态码: 200
2026-09-13 16:24:36 - INFO - 签到操作成功
2026-09-13 16:24:36 - INFO - 签到成功！开始等待31分钟后自动签退...
2026-09-13 16:24:36 - INFO - 等待1860秒（31分钟）后执行签退
2026-09-13 16:55:36 - INFO - 步骤3: 执行签退操作
2026-09-13 16:55:36 - INFO - 开始执行签退操作
2026-09-13 16:55:37 - INFO - 签退请求状态码: 200
2026-09-13 16:55:37 - INFO - 签退操作成功
2026-09-13 16:55:37 - INFO - 运动打卡完成！签到和签退都已成功
2026-09-13 16:55:37 - INFO - 开始发送邮件通知
2026-09-13 16:55:39 - ERROR - 邮件发送失败: SMTP错误 - Connection unexpectedly closed
2026-09-13 16:55:39 - INFO - XJTU运动打卡程序结束
2026-09-13 16:55:39 - INFO - ==================================================
2026-09-13 17:58:17 - INFO - ==================================================
2026-09-13 17:58:17 - INFO - XJTU运动打卡程序启动
2026-09-13 17:58:17 - INFO - ==================================================
2026-09-13 17:58:17 - INFO - 步骤1: 获取访问令牌
2026-09-13 17:58:18 - INFO - 执行MFA检测
2026-09-13 17:58:18 - INFO - MFA检测成功 - mfaState: Us8n8z
2026-09-13 17:58:18 - INFO - 需要MFA: False, MFA已启用: True
2026-09-13 17:58:18 - INFO - 已更新mfaState到登录表单
2026-09-13 17:58:19 - INFO - 访问令牌获取成功
2026-09-13 17:58:19 - INFO - 步骤2: 执行签到操作
2026-09-13 17:58:19 - INFO - 开始执行签到操作
2026-09-13 17:58:20 - INFO - 签到请求状态码: 200
2026-09-13 17:58:20 - WARNING - 签到操作失败: 你今天已经获得了锻炼积分，请明天继续
2026-09-13 17:58:20 - ERROR - 签到失败，请检查网络连接或稍后重试
2026-09-13 17:58:20 - INFO - 开始发送邮件通知
2026-09-13 17:58:22 - INFO - 邮件发送成功
2026-09-13 17:58:22 - INFO - XJTU运动打卡程序结束
2026-09-13 17:58:22 - INFO - ==================================================
2026-09-13 18:01:10 - INFO - ==================================================
2026-09-13 18:01:10 - INFO - XJTU运动打卡程序启动
2026-09-13 18:01:10 - INFO - ==================================================
2026-09-13 18:01:10 - INFO - 步骤1: 获取访问令牌
2026-09-13 18:01:11 - INFO - 执行MFA检测
2026-09-13 18:01:11 - INFO - MFA检测成功 - mfaState: B08thk
2026-09-13 18:01:11 - INFO - 需要MFA: False, MFA已启用: True
2026-09-13 18:01:11 - INFO - 已更新mfaState到登录表单
2026-09-13 18:01:12 - INFO - 访问令牌获取成功
2026-09-13 18:01:12 - INFO - 步骤2: 执行签到操作
2026-09-13 18:01:12 - INFO - 开始执行签到操作
2026-09-13 18:01:12 - INFO - 签到请求状态码: 200
2026-09-13 18:01:12 - WARNING - 签到操作失败: 你今天已经获得了锻炼积分，请明天继续
2026-09-13 18:01:12 - ERROR - 签到失败，请检查网络连接或稍后重试
2026-09-13 18:01:12 - INFO - 开始发送邮件通知
2026-09-13 18:01:14 - INFO - 邮件发送成功
2026-09-13 18:01:14 - INFO - XJTU运动打卡程序结束
2026-09-13 18:01:14 - INFO - ==================================================
2026-09-13 19:01:16 - INFO - ==================================================
2026-09-13 19:01:16 - INFO - XJTU运动打卡程序启动
2026-09-13 19:01:16 - INFO - ==================================================
2026-09-13 19:01:16 - INFO - 步骤1: 获取访问令牌
2026-09-13 19:01:16 - INFO - 执行MFA检测
2026-09-13 19:01:16 - INFO - MFA检测成功 - mfaState: aZEcVF
2026-09-13 19:01:16 - INFO - 需要MFA: False, MFA已启用: True
2026-09-13 19:01:16 - INFO - 已更新mfaState到登录表单
2026-09-13 19:01:17 - INFO - 访问令牌获取成功
2026-09-13 19:01:17 - INFO - 步骤2: 执行签到操作
2026-09-13 19:01:17 - INFO - 开始执行签到操作
2026-09-13 19:01:18 - INFO - 签到请求状态码: 200
2026-09-13 19:01:18 - WARNING - 签到操作失败: 你今天已经获得了锻炼积分，请明天继续
2026-09-13 19:01:18 - ERROR - 签到失败，请检查网络连接或稍后重试
2026-09-13 19:01:18 - INFO - 开始发送邮件通知
2026-09-13 19:01:20 - INFO - 邮件发送成功
2026-09-13 19:01:20 - INFO - XJTU运动打卡程序结束
2026-09-13 19:01:20 - INFO - ==================================================
2026-09-13 20:58:49 - INFO - ==================================================
2026-09-13 20:58:49 - INFO - XJTU运动打卡程序启动
2026-09-13 20:58:49 - INFO - ==================================================
2026-09-13 20:58:49 - INFO - 步骤1: 获取访问令牌
2026-09-13 20:58:50 - INFO - 执行MFA检测
2026-09-13 20:58:50 - INFO - MFA检测成功 - mfaState: Grnz8f
2026-09-13 20:58:50 - INFO - 需要MFA: False, MFA已启用: True
2026-09-13 20:58:50 - INFO - 已更新mfaState到登录表单
2026-09-13 20:58:51 - INFO - 访问令牌获取成功
2026-09-13 20:58:51 - INFO - 步骤2: 执行签到操作
2026-09-13 20:58:51 - INFO - 开始执行签到操作
2026-09-13 20:58:52 - INFO - 签到请求状态码: 200
2026-09-13 20:58:52 - WARNING - 签到操作失败: 你今天已经获得了锻炼积分，请明天继续
2026-09-13 20:58:52 - ERROR - 签到失败，请检查网络连接或稍后重试
2026-09-13 20:58:52 - INFO - 开始发送邮件通知
2026-09-13 20:58:54 - INFO - 邮件发送成功
2026-09-13 20:58:54 - INFO - XJTU运动打卡程序结束
2026-09-13 20:58:54 - INFO - ==================================================
2026-09-13 20:59:28 - INFO - ==================================================
2026-09-13 20:59:28 - INFO - XJTU运动打卡程序启动
2026-09-13 20:59:28 - INFO - ==================================================
2026-09-13 20:59:28 - INFO - 步骤1: 获取访问令牌
2026-09-13 20:59:28 - INFO - 执行MFA检测
2026-09-13 20:59:28 - INFO - MFA检测成功 - mfaState: YYF8Et
2026-09-13 20:59:28 - INFO - 需要MFA: False, MFA已启用: True
2026-09-13 20:59:28 - INFO - 已更新mfaState到登录表单
2026-09-13 20:59:29 - INFO - 访问令牌获取成功
2026-09-13 20:59:29 - INFO - 步骤2: 执行签到操作
2026-09-13 20:59:29 - INFO - 开始执行签到操作
2026-09-13 20:59:30 - INFO - 签到请求状态码: 200
2026-09-13 20:59:30 - WARNING - 签到操作失败: 你今天已经获得了锻炼积分，请明天继续
2026-09-13 20:59:30 - ERROR - 签到失败，请检查网络连接或稍后重试
2026-09-13 20:59:30 - INFO - 开始发送邮件通知
2026-09-13 20:59:32 - INFO - 邮件发送成功
2026-09-13 20:59:32 - INFO - XJTU运动打卡程序结束
2026-09-13 20:59:32 - INFO - ==================================================
2026-09-13 21:05:42 - INFO - ==================================================
2026-09-13 21:05:42 - INFO - XJTU运动打卡程序启动
2026-09-13 21:05:42 - INFO - ==================================================
2026-09-13 21:05:42 - INFO - 步骤1: 获取访问令牌
2026-09-13 21:05:43 - INFO - 执行MFA检测
2026-09-13 21:05:43 - INFO - MFA检测成功 - mfaState: 5jzZjq
2026-09-13 21:05:43 - INFO - 需要MFA: False, MFA已启用: True
2026-09-13 21:05:43 - INFO - 已更新mfaState到登录表单
2026-09-13 21:05:44 - INFO - 访问令牌获取成功
2026-09-13 21:05:44 - INFO - 步骤2: 执行签到操作
2026-09-13 21:05:44 - ERROR - 程序执行过程中发生未预期的错误: type object 'Config' has no attribute 'LATITUDE'
2026-09-13 21:05:44 - INFO - 开始发送邮件通知
2026-09-13 21:05:47 - INFO - 邮件发送成功
2026-09-13 21:05:47 - INFO - XJTU运动打卡程序结束
2026-09-13 21:05:47 - INFO - ==================================================
2026-09-13 21:08:31 - INFO - ==================================================
2026-09-13 21:08:31 - INFO - XJTU运动打卡程序启动
2026-09-13 21:08:31 - INFO - ==================================================
2026-09-13 21:08:31 - INFO - 步骤1: 获取访问令牌
2026-09-13 21:08:32 - INFO - 执行MFA检测
2026-09-13 21:08:32 - INFO - MFA检测成功 - mfaState: jkCiYA
2026-09-13 21:08:32 - INFO - 需要MFA: False, MFA已启用: True
2026-09-13 21:08:32 - INFO - 已更新mfaState到登录表单
2026-09-13 21:08:33 - INFO - 访问令牌获取成功
2026-09-13 21:08:33 - INFO - 步骤2: 执行签到操作
2026-09-13 21:08:33 - INFO - 开始执行签到操作
2026-09-13 21:08:34 - INFO - 签到请求状态码: 200
2026-09-13 21:08:34 - WARNING - 签到操作失败: 你今天已经获得了锻炼积分，请明天继续
2026-09-13 21:08:34 - ERROR - 签到失败，请检查网络连接或稍后重试
2026-09-13 21:08:34 - INFO - 开始发送邮件通知
2026-09-13 21:08:36 - INFO - 邮件发送成功
2026-09-13 21:08:36 - INFO - XJTU运动打卡程序结束
2026-09-13 21:08:36 - INFO - ==================================================
2026-09-13 21:11:39 - INFO - ==================================================
2026-09-13 21:11:39 - INFO - XJTU运动打卡程序启动
2026-09-13 21:11:39 - INFO - ==================================================
2026-09-13 21:11:39 - INFO - 步骤1: 获取访问令牌
2026-09-13 21:11:40 - INFO - 执行MFA检测
2026-09-13 21:11:40 - INFO - MFA检测成功 - mfaState: 8tQkIE
2026-09-13 21:11:40 - INFO - 需要MFA: False, MFA已启用: True
2026-09-13 21:11:40 - INFO - 已更新mfaState到登录表单
2026-09-13 21:11:41 - INFO - 访问令牌获取成功
2026-09-13 21:11:41 - INFO - 步骤2: 执行签到操作
2026-09-13 21:11:41 - INFO - 开始执行签到操作
2026-09-13 21:11:42 - INFO - 签到请求状态码: 200
2026-09-13 21:11:42 - WARNING - 签到操作失败: 你今天已经获得了锻炼积分，请明天继续
2026-09-13 21:11:42 - ERROR - 签到失败，请检查网络连接或稍后重试
2026-09-13 21:11:42 - INFO - 开始发送邮件通知
2026-09-13 21:11:44 - INFO - 邮件发送成功
2026-09-13 21:11:44 - INFO - XJTU运动打卡程序结束
2026-09-13 21:11:44 - INFO - ==================================================
